// Jest Snapshot v1, https://goo.gl/fbAQLP

exports[`Correctly generate hash out of strings 1`] = `"df2ab5a5885859354404f704107a8a80ef087d68"`;
