// Jest Snapshot v1, https://goo.gl/fbAQLP

exports[`Should correctly compile the oc component 1`] = `
Object {
  "dependencies": Object {
    "lodash": "",
  },
  "description": "",
  "name": "jade-component",
  "oc": Object {
    "date": "",
    "files": Object {
      "dataProvider": Object {
        "hashKey": "1ea15b210c9e4c76e232b8341d4f96c2e0f23109",
        "src": "server.js",
        "type": "node.js",
      },
      "static": Array [
        "assets",
      ],
      "template": Object {
        "hashKey": "096e8ec0a00c37c4bd669e2ad046892d93766ff0",
        "src": "template.js",
        "type": "jade",
        "version": "",
      },
    },
    "packaged": true,
    "version": "1.0.0",
  },
  "repository": "",
  "version": "1.0.0",
}
`;

exports[`Should correctly compile the oc component 2`] = `
Array [
  "../../../mocks/jade-component/__package/assets/css/style.css",
  "../../../mocks/jade-component/__package/assets/img/test.png",
  "../../../mocks/jade-component/__package/assets/js/lib.js",
  "../../../mocks/jade-component/__package/package.json",
  "../../../mocks/jade-component/__package/server.js",
  "../../../mocks/jade-component/__package/template.js",
]
`;
