// Jest Snapshot v1, https://goo.gl/fbAQLP

exports[`compile statics when oc.files.static contains valid folder and minify is false 1`] = `
Array [
  "../../../mocks/jade-component/_package/assets/css/style.css",
  "../../../mocks/jade-component/_package/assets/img/test.png",
  "../../../mocks/jade-component/_package/assets/js/lib.js",
]
`;

exports[`compile statics when oc.files.static contains valid folder and minify is false 2`] = `
"body {
  padding-left: 11em;
  font-family: Georgia, \\"Times New Roman\\", Times, serif;
  color: purple;
  background-color: #d8da3d
}
ul.navbar {
  list-style-type: none;
  padding: 0;
  margin: 0;
  position: absolute;
  top: 2em;
  left: 1em;
  width: 9em
}
h1 {
  font-family: Helvetica, Geneva, Arial, SunSans-Regular, sans-serif
}
ul.navbar li {
  background: white;
  margin: 0.5em 0;
  padding: 0.3em;
  border-right: 1em solid black
}
ul.navbar a {
  text-decoration: none
}
a:link {
  color: blue
}
a:visited {
  color: purple
}"
`;

exports[`compile statics when oc.files.static contains valid folder and minify is false 3`] = `
"const text = 'Hello World';
const say = something => console.log(something);
say(text);
"
`;

exports[`compile statics when oc.files.static contains valid folder and minify is true 1`] = `
Array [
  "../../../mocks/jade-component/_package/assets/css/style.css",
  "../../../mocks/jade-component/_package/assets/img/test.png",
  "../../../mocks/jade-component/_package/assets/js/lib.js",
]
`;

exports[`compile statics when oc.files.static contains valid folder and minify is true 2`] = `"body{padding-left:11em;font-family:Georgia,\\"Times New Roman\\",Times,serif;color:purple;background-color:#d8da3d}ul.navbar{list-style-type:none;padding:0;margin:0;position:absolute;top:2em;left:1em;width:9em}h1{font-family:Helvetica,Geneva,Arial,SunSans-Regular,sans-serif}ul.navbar li{background:#fff;margin:.5em 0;padding:.3em;border-right:1em solid #000}ul.navbar a{text-decoration:none}a:link{color:#00f}a:visited{color:purple}"`;

exports[`compile statics when oc.files.static contains valid folder and minify is true 3`] = `"var text=\\"Hello World\\",say=function(o){return console.log(o)};say(text);"`;
