// Jest Snapshot v1, https://goo.gl/fbAQLP

exports[`Return compiled template when valid 1`] = `
Object {
  "compiler": Array [
    7,
    ">= 4.0.0",
  ],
  "main": [Function],
  "useData": true,
}
`;

exports[`Throw exception when not valid 1`] = `"received is not a function"`;
