// Jest Snapshot v1, https://goo.gl/fbAQLP

exports[`getInfo method when invoking the method should return the list of externals 1`] = `
Array [
  Object {
    "global": "jade",
    "url": "https://unpkg.com/jade-legacy@1.11.1/runtime.js",
  },
]
`;
