// Jest Snapshot v1, https://goo.gl/fbAQLP

exports[`Should correctly compile the server 1`] = `
Object {
  "hashKey": "83fd085dc1103ca899b0bbfd8490d79e8865809a",
  "src": "server.js",
  "type": "node.js",
}
`;

exports[`Should correctly compile the server 2`] = `"module.exports=function(a){function b(d){if(c[d])return c[d].exports;var e=c[d]={i:d,l:!1,exports:{}};return a[d].call(e.exports,e,e.exports,b),e.l=!0,e.exports}var c={};return b.m=a,b.c=c,b.d=function(a,c,d){b.o(a,c)||Object.defineProperty(a,c,{configurable:!1,enumerable:!0,get:d})},b.n=function(a){var c=a&&a.__esModule?function(){return a['default']}:function(){return a};return b.d(c,'a',c),c},b.o=function(a,b){return Object.prototype.hasOwnProperty.call(a,b)},b.p='',b(b.s=0)}([function(a,b,c){'use strict';Object.defineProperty(b,'__esModule',{value:!0}),c.d(b,'data',function(){return e});var d=c(1),e=function(a,b){return b(null,{})}},function(a){a.exports=require('lodash')}]);"`;

exports[`When server writing fails should return error 1`] = `"sorry I failed"`;
