// Jest Snapshot v1, https://goo.gl/fbAQLP

exports[`Minify es6 files 1`] = `"var hi=function(n){return\\"hello \\"+n};"`;

exports[`Minify not valid css 1`] = `"Css is not valid"`;

exports[`Minify not valid js 1`] = `"unknown: Unexpected token (1:17)"`;

exports[`Minify valid css file 1`] = `"body{background-color:#fff}"`;
